15/05/26 11:08:42:285 - TLibPosPrinterConfig.AplicarConfiguracoes - Feito
15/05/26 11:08:42:301 - Destravar
15/05/26 11:08:42:301 -    SetRetorno(0, )
15/05/26 11:08:42:301 - TACBrLibPosPrinter.PrecisaCriptografar(Principal,LogPath)
15/05/26 11:08:42:301 - TACBrLibPosPrinter.PrecisaCriptografar - Feito Result: False
15/05/26 11:08:42:301 - LIB_ConfigGravarValor(Principal, LogPath, C:\DEV\C#\ACBr\Fiserv\CliSiTef\src\ACBr.CliSiTef.Demo\bin\Debug\Logs)
15/05/26 11:08:42:301 - TACBrLibPosPrinter.PrecisaCriptografar(Principal,LogPath)
15/05/26 11:08:42:301 - TACBrLibPosPrinter.PrecisaCriptografar - Feito Result: False
15/05/26 11:08:42:301 - TLibPosPrinterConfig.AjustarValor(tfGravar,Principal,LogPath,C:\DEV\C#\ACBr\Fiserv\CliSiTef\src\ACBr.CliSiTef.Demo\bin\Debug\Logs)
15/05/26 11:08:42:301 - TLibPosPrinterConfig.AjustarValor - Feito
15/05/26 11:08:42:301 - TLibPosPrinterConfig.AplicarConfiguracoes: C:\DEV\C#\ACBr\Fiserv\CliSiTef\src\ACBr.CliSiTef.Demo\bin\Debug\ACBrLib.ini
15/05/26 11:08:42:301 - Travar
15/05/26 11:08:42:301 - TLibPosPrinterConfig.AplicarConfiguracoes - Feito
15/05/26 11:08:42:301 - Destravar
15/05/26 11:08:42:301 -    SetRetorno(0, )
15/05/26 11:08:42:301 - LIB_ConfigGravar()
15/05/26 11:08:42:301 - Travar
15/05/26 11:08:42:301 - TLibPosPrinterConfig.Gravar: C:\DEV\C#\ACBr\Fiserv\CliSiTef\src\ACBr.CliSiTef.Demo\bin\Debug\ACBrLib.ini
15/05/26 11:08:42:301 - TLibPosPrinterConfig.Gravar - Feito
15/05/26 11:08:42:301 - Destravar
15/05/26 11:08:42:301 -    SetRetorno(0, )
15/05/26 11:08:42:301 - LIB_ConfigLer()
15/05/26 11:08:42:301 - Travar
15/05/26 11:08:42:317 - TLibPosPrinterConfig.Ler: C:\DEV\C#\ACBr\Fiserv\CliSiTef\src\ACBr.CliSiTef.Demo\bin\Debug\ACBrLib.ini
15/05/26 11:08:42:317 - TLibPosPrinterConfig.AplicarConfiguracoes: C:\DEV\C#\ACBr\Fiserv\CliSiTef\src\ACBr.CliSiTef.Demo\bin\Debug\ACBrLib.ini
15/05/26 11:08:42:317 - Travar
15/05/26 11:08:42:317 - TLibPosPrinterConfig.AplicarConfiguracoes - Feito
15/05/26 11:08:42:317 - Destravar
15/05/26 11:08:42:317 - TLibPosPrinterConfig.Ler - Feito
15/05/26 11:08:42:317 - Destravar
15/05/26 11:08:42:317 -    SetRetorno(0, )
